// Jest Snapshot v1, https://goo.gl/fbAQLP

exports[`Test on component <GifGridItem> Snapshot match 1`] = `
<div>
  <div
    class="card"
  >
    <img
      alt="One punch battle"
      src="https://onepuch-gif.com/battle.png"
    />
    <p>
      One punch battle
    </p>
  </div>
</div>
`;
